=== AI Employee Task Log ===
Task ID: 19bdb578
Task Type: EMAIL - LinkedIn Notification
Date: 2026-01-20
Status: COMPLETED

---

TASK DETAILS:
- File: EMAIL_You have 1 new message_19bdb578.md
- From: LinkedIn <notifications-noreply@linkedin.com>
- Subject: You have 1 new message
- Received: 2026-01-20T17:19:10.932430
- Priority: Normal (5)
- Gmail ID: 19bdb5786c5e087b

---

CLASSIFICATION:
Type: System Notification (Informational)
- Not a refund request
- Not a support request
- Not a customer inquiry
- Automated LinkedIn notification

---

ANALYSIS:
This is an automated notification from LinkedIn informing that there is 1 new message waiting in the LinkedIn inbox. The email contains:
1. Link to view the message on LinkedIn platform
2. Promotional newsletter content

No action can be taken on this notification email itself as it's from a no-reply address. The actual LinkedIn message needs to be checked on the LinkedIn platform directly.

---

ACTIONS TAKEN:
1. ✅ Read and analyzed task file
2. ✅ Consulted Company_Handbook.md for classification rules
3. ✅ Classified as system notification
4. ✅ Created plan document: Plans/PLAN_LinkedInNotification_19bdb578.md
5. ✅ Determined no response needed to notification email
6. ✅ Created this log entry
7. ✅ Moving task to Done/ folder

---

DECISIONS MADE:
- No email response required (notifications-noreply address)
- No approval needed (informational only)
- Autonomous processing appropriate
- Task archived after logging

---

HANDBOOK COMPLIANCE:
- Followed message classification guidelines ✅
- No approval thresholds triggered ✅
- Proper file organization maintained ✅
- Logging completed ✅

---

HUMAN ACTION REQUIRED:
⚠️ Check LinkedIn inbox on platform for actual message content
   The notification indicates there is 1 new LinkedIn message that may be a customer inquiry.

---

TASK OUTCOME: Successfully processed and archived
COMPLETION TIME: 2026-01-20
NEXT STEPS: Human to check LinkedIn platform for actual customer message

=== End of Log ===
