# Task Processing Log - Order #1005

## Task Information
- **Task ID:** Order #1005
- **File:** EMAIL_My Order - Coding Agent  1005_19bd732d.md
- **Type:** Email - General Inquiry (Custom Agent)
- **Priority:** High
- **Received:** 2026-01-19 22:00:26
- **Processing Started:** 2026-01-19 22:04:09

## Customer Details
- **Name:** Mohammad Asif
- **Email:** eng.asix@gmail.com
- **Gmail ID:** 19bd732d801bed72

## Classification
**Category:** General Inquiry - Custom Agent Quote Request

**Reasoning:**
- Pre-sales inquiry about custom coding agent
- Specific use case: iOS project collaboration
- Requires custom agent development
- Falls under approval threshold (custom agents start at $500)

## Actions Taken

### 1. Task Analysis (22:04:09)
- Read incoming email from Needs_Action folder
- Reviewed Company_Handbook.md for classification rules
- Identified as custom agent request requiring approval

### 2. Plan Creation (22:04:09)
- Created: Plans/PLAN_Order1005_CodingAgent.md
- Documented classification, analysis, and action plan
- Verified compliance with handbook guidelines

### 3. Approval Request (22:04:09)
- Created: Pending_Approval/APPROVAL_CustomAgentQuote_Order1005.md
- Included customer details, use case analysis, and recommendation
- Listed required information for accurate quote
- Proposed pricing structure: $800-$1,500 base + setup
- Set timeline expectations: quote within 24 hours of requirements

### 4. Response Draft (22:04:09)
- Created: Plans/DRAFT_RESPONSE_Order1005.md
- Drafted professional, friendly response
- Requested 5 key details for scoping:
  1. Specific coding tasks needed
  2. iOS frameworks/technologies
  3. Integration requirements
  4. Expected workload
  5. Timeline preferences
- Followed Company_Handbook.md tone guidelines

## Compliance Checklist
✅ Message classified correctly (General Inquiry - Custom Agent)
✅ Approval request created (required for custom agents)
✅ Response time target met (< 1 hour for email)
✅ Professional, helpful tone maintained
✅ All handbook guidelines followed
✅ Sensitive information protected
✅ Customer expectations set appropriately

## Status
**AWAITING HUMAN APPROVAL**

The approval request has been created in Pending_Approval/ folder. Once approved:
1. Send draft response to customer
2. Wait for customer requirements
3. Prepare detailed quote
4. Move task to Done/ folder

## Files Created
1. Plans/PLAN_Order1005_CodingAgent.md
2. Pending_Approval/APPROVAL_CustomAgentQuote_Order1005.md
3. Plans/DRAFT_RESPONSE_Order1005.md
4. Logs/task_order1005_20260119.log (this file)

## Next Action Required
**Human Review:** Review approval request and draft response in Pending_Approval/ folder

---

**Log Created:** 2026-01-19 22:04:09
**AI Employee:** Vault Operator Agent
**Status:** COMPLETED - Awaiting Approval
