# Task Processing Log: LinkedIn Message Notification

## Task Information
- **Task ID:** 19bcd55c
- **File:** EMAIL_The LinkedIn just messaged you_19bcd55c.md
- **Type:** Email notification
- **Received:** 2026-01-19T21:58:24
- **Processed:** 2026-01-19
- **Priority:** 5 (normal)

## Actions Taken

### 1. Task Analysis (Completed)
- Read task file from Needs_Action/
- Read Company_Handbook.md for processing rules
- Classified as LinkedIn notification requiring human review

### 2. Plan Creation (Completed)
- Created plan file: Plans/PLAN_LinkedInMessage_19bcd55c.md
- Documented analysis and reasoning
- Determined action: Flag for human review

### 3. Information Note Created (Completed)
- Created informational file: Pending_Approval/INFO_LinkedInMessage_19bcd55c.md
- Included direct link to LinkedIn message
- Documented what to check and next steps
- Set priority: Medium (< 2 hours per social media standards)

### 4. Task Completion (Completed)
- Moved task file to Done/ folder
- Created this log entry

## Classification
**Type:** LinkedIn notification - requires human to access platform

**Reasoning:**
- AI cannot access LinkedIn directly to view message content
- Could be customer inquiry (requires < 2 hour response per handbook)
- Could be platform notification (no action needed)
- Flagged for human review to ensure no customer inquiry is missed

## Status
✅ Task processed and flagged for human attention

## Next Action Required
Human operator should check LinkedIn message link and determine if response is needed.

## Handbook Compliance
- ✅ Followed escalation protocol for items requiring human review
- ✅ Created proper documentation in Pending_Approval/
- ✅ Moved task to Done/ after processing
- ✅ Logged all actions taken
- ✅ Respected social media response time standards (< 2 hours)

---
**Log Created:** 2026-01-19
**AI Employee Status:** Task completed successfully
